// Jest Snapshot v1, https://goo.gl/fbAQLP

exports[`from components/ExpenseDashboardPage should render ExpenseDashboardPage 1`] = `
<div>
  <Connect(ExpenseSummary) />
  <Connect(ExpenseList) />
</div>
`;
