// Jest Snapshot v1, https://goo.gl/fbAQLP

exports[`from components/NotFoundPage should render NotFoundPage 1`] = `
<div>
  404! Not found.
</div>
`;
